[INFO] Scanning for projects...
[INFO] 
[INFO] ---------------------< com.nova:nova-api-gateway >----------------------
[INFO] Building Nova API Gateway 1.0.0
[INFO]   from pom.xml
[INFO] --------------------------------[ jar ]---------------------------------
[INFO] 
[INFO] >>> spring-boot:3.2.2:run (default-cli) > test-compile @ nova-api-gateway >>>
[INFO] 
[INFO] --- resources:3.3.1:resources (default-resources) @ nova-api-gateway ---
[INFO] Copying 1 resource from src\main\resources to target\classes
[INFO] Copying 0 resource from src\main\resources to target\classes
[INFO] 
[INFO] --- compiler:3.11.0:compile (default-compile) @ nova-api-gateway ---
[INFO] Nothing to compile - all classes are up to date
[INFO] 
[INFO] --- resources:3.3.1:testResources (default-testResources) @ nova-api-gateway ---
[INFO] skip non existing resourceDirectory C:\Users\rikku\OneDrive\Desktop\cook\backend-java\src\test\resources
[INFO] 
[INFO] --- compiler:3.11.0:testCompile (default-testCompile) @ nova-api-gateway ---
[INFO] Nothing to compile - all classes are up to date
[INFO] 
[INFO] <<< spring-boot:3.2.2:run (default-cli) < test-compile @ nova-api-gateway <<<
[INFO] 
[INFO] 
[INFO] --- spring-boot:3.2.2:run (default-cli) @ nova-api-gateway ---
[INFO] Attaching agents: []

  .   ____          _            __ _ _
 /\\ / ___'_ __ _ _(_)_ __  __ _ \ \ \ \
( ( )\___ | '_ | '_| | '_ \/ _` | \ \ \ \
 \\/  ___)| |_)| | | | | || (_| |  ) ) ) )
  '  |____| .__|_| |_|_| |_\__, | / / / /
 =========|_|==============|___/=/_/_/_/
 :: Spring Boot ::                (v3.2.2)

2026-02-18T22:35:18.205+05:30  INFO 43604 --- [nova-api-gateway] [           main] nova.NovaApplication                     : Starting NovaApplication using Java 24.0.2 with PID 43604 (C:\Users\rikku\OneDrive\Desktop\cook\backend-java\target\classes started by rikku in C:\Users\rikku\OneDrive\Desktop\cook\backend-java)
2026-02-18T22:35:18.216+05:30 DEBUG 43604 --- [nova-api-gateway] [           main] nova.NovaApplication                     : Running with Spring Boot v3.2.2, Spring v6.1.3
2026-02-18T22:35:18.217+05:30  INFO 43604 --- [nova-api-gateway] [           main] nova.NovaApplication                     : No active profile set, falling back to 1 default profile: "default"
2026-02-18T22:35:18.845+05:30  INFO 43604 --- [nova-api-gateway] [           main] .s.d.r.c.RepositoryConfigurationDelegate : Bootstrapping Spring Data JPA repositories in DEFAULT mode.
2026-02-18T22:35:18.866+05:30  INFO 43604 --- [nova-api-gateway] [           main] .s.d.r.c.RepositoryConfigurationDelegate : Finished Spring Data repository scanning in 14 ms. Found 0 JPA repository interfaces.
WARNING: A restricted method in java.lang.System has been called
WARNING: java.lang.System::load has been called by org.apache.tomcat.jni.Library in an unnamed module (file:/C:/Users/rikku/.m2/repository/org/apache/tomcat/embed/tomcat-embed-core/10.1.18/tomcat-embed-core-10.1.18.jar)
WARNING: Use --enable-native-access=ALL-UNNAMED to avoid a warning for callers in this module
WARNING: Restricted methods will be blocked in a future release unless native access is enabled

2026-02-18T22:35:19.352+05:30  INFO 43604 --- [nova-api-gateway] [           main] o.s.b.w.embedded.tomcat.TomcatWebServer  : Tomcat initialized with port 8080 (http)
2026-02-18T22:35:19.363+05:30  INFO 43604 --- [nova-api-gateway] [           main] o.apache.catalina.core.StandardService   : Starting service [Tomcat]
2026-02-18T22:35:19.371+05:30  INFO 43604 --- [nova-api-gateway] [           main] o.apache.catalina.core.StandardEngine    : Starting Servlet engine: [Apache Tomcat/10.1.18]
2026-02-18T22:35:19.419+05:30  INFO 43604 --- [nova-api-gateway] [           main] o.a.c.c.C.[Tomcat].[localhost].[/]       : Initializing Spring embedded WebApplicationContext
2026-02-18T22:35:19.420+05:30  INFO 43604 --- [nova-api-gateway] [           main] w.s.c.ServletWebServerApplicationContext : Root WebApplicationContext: initialization completed in 1152 ms
2026-02-18T22:35:19.451+05:30  INFO 43604 --- [nova-api-gateway] [           main] com.zaxxer.hikari.HikariDataSource       : HikariPool-1 - Starting...
2026-02-18T22:35:19.577+05:30  INFO 43604 --- [nova-api-gateway] [           main] com.zaxxer.hikari.pool.HikariPool        : HikariPool-1 - Added connection conn0: url=jdbc:h2:mem:novadb user=SA
2026-02-18T22:35:19.579+05:30  INFO 43604 --- [nova-api-gateway] [           main] com.zaxxer.hikari.HikariDataSource       : HikariPool-1 - Start completed.
2026-02-18T22:35:19.612+05:30  INFO 43604 --- [nova-api-gateway] [           main] o.s.b.a.h2.H2ConsoleAutoConfiguration    : H2 console available at '/h2-console'. Database available at 'jdbc:h2:mem:novadb'
2026-02-18T22:35:19.703+05:30  INFO 43604 --- [nova-api-gateway] [           main] o.hibernate.jpa.internal.util.LogHelper  : HHH000204: Processing PersistenceUnitInfo [name: default]
2026-02-18T22:35:19.744+05:30  INFO 43604 --- [nova-api-gateway] [           main] org.hibernate.Version                    : HHH000412: Hibernate ORM core version 6.4.1.Final
2026-02-18T22:35:19.767+05:30  INFO 43604 --- [nova-api-gateway] [           main] o.h.c.internal.RegionFactoryInitiator    : HHH000026: Second-level cache disabled
2026-02-18T22:35:19.907+05:30  INFO 43604 --- [nova-api-gateway] [           main] o.s.o.j.p.SpringPersistenceUnitInfo      : No LoadTimeWeaver setup: ignoring JPA class transformer
2026-02-18T22:35:20.213+05:30  INFO 43604 --- [nova-api-gateway] [           main] o.h.e.t.j.p.i.JtaPlatformInitiator       : HHH000489: No JTA platform available (set 'hibernate.transaction.jta.platform' to enable JTA platform integration)
2026-02-18T22:35:20.219+05:30  INFO 43604 --- [nova-api-gateway] [           main] j.LocalContainerEntityManagerFactoryBean : Initialized JPA EntityManagerFactory for persistence unit 'default'
WARNING: A terminally deprecated method in sun.misc.Unsafe has been called
WARNING: sun.misc.Unsafe::objectFieldOffset has been called by io.netty.util.internal.PlatformDependent0$4 (file:/C:/Users/rikku/.m2/repository/io/netty/netty-common/4.1.105.Final/netty-common-4.1.105.Final.jar)
WARNING: Please consider reporting this to the maintainers of class io.netty.util.internal.PlatformDependent0$4
WARNING: sun.misc.Unsafe::objectFieldOffset will be removed in a future release
2026-02-18T22:35:20.603+05:30  WARN 43604 --- [nova-api-gateway] [           main] JpaBaseConfiguration$JpaWebConfiguration : spring.jpa.open-in-view is enabled by default. Therefore, database queries may be performed during view rendering. Explicitly configure spring.jpa.open-in-view to disable this warning
2026-02-18T22:35:20.919+05:30  INFO 43604 --- [nova-api-gateway] [           main] o.s.b.w.embedded.tomcat.TomcatWebServer  : Tomcat started on port 8080 (http) with context path ''
2026-02-18T22:35:20.924+05:30  INFO 43604 --- [nova-api-gateway] [           main] nova.NovaApplication                     : Started NovaApplication in 3.119 seconds (process running for 3.445)
